
> frontend@0.0.0 build
> vite build

node.exe : [33mbuild.terserOptions is specified 
but build.minify is not set to use Terser. Note 
Vite now defaults to use esbuild for 
minification. If you still prefer Terser, set 
build.minify to "terser".[39m
At C:\Program Files\nodejs\npm.ps1:29 char:3
+   & $NODE_EXE $NPM_CLI_JS $args
+   ~~~~~~~~~~~~~~~~~~~~~~~~~~~~~
    + CategoryInfo          : NotSpecified: ([3 
   3mbuild.ters... "terser".[39m:String) [], R  
  emoteException
    + FullyQualifiedErrorId : NativeCommandError
 
[36mvite v4.5.14 [32mbuilding for production...[36m[39m
transforming...
[32mΓ£ô[39m 12 modules transformed.
[32mΓ£ô built in 212ms[39m
[31m[vite:esbuild] Transform failed with 1 
error:
C:/Users/giang/code/mern-auth/frontend/src/screen
s/LoginScreen.jsx:118:28: ERROR: Expected ")" 
but found ":"[39m
file: [36mC:/Users/giang/code/mern-auth/frontend
/src/screens/LoginScreen.jsx:118:28[39m
[33m
[33mExpected ")" but found ":"[33m
116|  
117|    return (
118|                  borderRadius: "20px",
   |                              ^
119|                  filter: "drop-shadow(0 4px 
6px rgba(0,0,0,0.15))",
120|                }}
[39m
[31merror during build:
Error: Transform failed with 1 error:
C:/Users/giang/code/mern-auth/frontend/src/screen
s/LoginScreen.jsx:118:28: ERROR: Expected ")" 
but found ":"
    at failureErrorWithLog (C:\Users\giang\code\m
ern-auth\frontend\node_modules\esbuild\lib\main.j
s:1649:15)
    at C:\Users\giang\code\mern-auth\frontend\nod
e_modules\esbuild\lib\main.js:847:29
    at responseCallbacks.<computed> (C:\Users\gia
ng\code\mern-auth\frontend\node_modules\esbuild\l
ib\main.js:703:9)
    at handleIncomingPacket (C:\Users\giang\code\
mern-auth\frontend\node_modules\esbuild\lib\main.
js:762:9)
    at Socket.readFromStdout (C:\Users\giang\code
\mern-auth\frontend\node_modules\esbuild\lib\main
.js:679:7)
    at Socket.emit (node:events:518:28)
    at addChunk 
(node:internal/streams/readable:561:12)
    at readableAddChunkPushByteMode 
(node:internal/streams/readable:512:3)
    at Readable.push 
(node:internal/streams/readable:392:5)
    at Pipe.onStreamRead 
(node:internal/stream_base_commons:189:23)[39m
